IQ-TREE multicore version 2.4.0 for Linux x86 64-bit built Feb 12 2025
Developed by Bui Quang Minh, Nguyen Lam Tung, Olga Chernomor, Heiko Schmidt,
Dominik Schrempf, Michael Woodhams, Ly Trong Nhan, Thomas Wong

Host:    gl3365.arc-ts.umich.edu (AVX512, FMA3, 186 GB RAM)
Command: iqtree -s /nfs/turbo/umms-esnitkin/Project_MERLIN/Analysis/Household_transmission/MERLIN-prolonged-colonization-ms/data/cognac/kpneumoniae/MERLIN_kpneumoniae_index_cases_SNP_Sites.fa -T AUTO -B 5000 -nstop 200 -pre /nfs/turbo/umms-esnitkin/Project_MERLIN/Analysis/Household_transmission/MERLIN-prolonged-colonization-ms/data/cognac/kpneumoniae/MERLIN_kpneumoniae_index_cases
Seed:    678804 (Using SPRNG - Scalable Parallel Random Number Generator)
Time:    Thu Jul  2 15:09:29 2026
Kernel:  AVX+FMA - auto-detect threads (10 CPU cores detected)

Reading alignment file /nfs/turbo/umms-esnitkin/Project_MERLIN/Analysis/Household_transmission/MERLIN-prolonged-colonization-ms/data/cognac/kpneumoniae/MERLIN_kpneumoniae_index_cases_SNP_Sites.fa ... Fasta format detected
Reading fasta file: done in 0.0100163 secs using 70.08% CPU
Alignment most likely contains DNA/RNA sequences
Alignment has 13 sequences with 57525 columns, 1703 distinct patterns
38735 parsimony-informative, 18790 singleton sites, 0 constant sites
            Gap/Ambiguity  Composition  p-value
Analyzing sequences: done in 2.24798e-05 secs using 93.42% CPU
   1  MERLIN_119    0.06%    passed     27.06%
   2  MERLIN_199    0.53%    passed     45.62%
   3  MERLIN_271    0.04%    passed     33.74%
   4  MERLIN_284    0.06%    passed     34.32%
   5  MERLIN_209    0.75%    passed     72.62%
   6  MERLIN_234    0.75%    passed     73.05%
   7  MERLIN_287    0.06%    passed     99.64%
   8  MERLIN_116    0.06%    passed     99.65%
   9  MERLIN_186    0.04%    passed     31.22%
  10  MERLIN_106    0.09%    passed     33.95%
  11  MERLIN_155    0.75%    passed     72.01%
  12  MERLIN_290    0.06%    passed     80.38%
  13  MERLIN_274    0.06%    passed     99.55%
****  TOTAL         0.26%  0 sequences failed composition chi2 test (p-value<5%; df=3)


Create initial parsimony tree by phylogenetic likelihood library (PLL)... 0.017 seconds
Measuring multi-threading efficiency up to 10 CPU cores
Increase to 10 rounds for branch lengths
249 trees examined
Threads: 1 / Time: 10.028 sec / Speedup: 1.000 / Efficiency: 100% / LogL: -647162
Threads: 2 / Time: 5.017 sec / Speedup: 1.999 / Efficiency: 100% / LogL: -647162
Threads: 3 / Time: 4.575 sec / Speedup: 2.192 / Efficiency: 73% / LogL: -647162
Threads: 4 / Time: 3.986 sec / Speedup: 2.516 / Efficiency: 63% / LogL: -647162
Threads: 5 / Time: 3.637 sec / Speedup: 2.757 / Efficiency: 55% / LogL: -647162
Threads: 6 / Time: 3.381 sec / Speedup: 2.966 / Efficiency: 49% / LogL: -647162
BEST NUMBER OF THREADS: 5

Perform fast likelihood tree search using GTR+ASC+G model...
Estimate model parameters (epsilon = 5.000)
Perform nearest neighbor interchange...
Estimate model parameters (epsilon = 1.000)
1. Initial log-likelihood: -346824.953
2. Current log-likelihood: -346822.995
3. Current log-likelihood: -346819.124
4. Current log-likelihood: -346815.023
5. Current log-likelihood: -346810.831
6. Current log-likelihood: -346806.579
7. Current log-likelihood: -346802.382
8. Current log-likelihood: -346798.282
9. Current log-likelihood: -346794.403
10. Current log-likelihood: -346790.866
11. Current log-likelihood: -346787.694
12. Current log-likelihood: -346784.958
13. Current log-likelihood: -346782.688
14. Current log-likelihood: -346781.411
15. Current log-likelihood: -346780.276
Optimal log-likelihood: -346778.786
Rate parameters:  A-C: 1.09921  A-G: 6.15539  A-T: 1.30135  C-G: 0.70409  C-T: 5.57117  G-T: 1.00000
Base frequencies:  A: 0.161  C: 0.351  G: 0.280  T: 0.208
Gamma shape alpha: 4.353
Parameters optimization took 15 rounds (0.174 sec)
Time for fast ML tree search: 0.270 seconds

NOTE: ModelFinder requires 39 MB RAM!
ModelFinder will test up to 484 DNA models (sample size: 57525 epsilon: 0.100) ...
 No. Model         -LnL         df  AIC          AICc         BIC
  1  GTR+F         362444.342   31  724950.685   724950.719   725228.444
  2  GTR+F+ASC     346799.931   31  693661.861   693661.896   693939.621
  3  GTR+F+G4      362458.085   32  724980.171   724980.208   725266.890
  4  GTR+F+ASC+G4  346775.899   32  693615.799   693615.836   693902.518
  5  GTR+F+R2      362444.257   33  724954.514   724954.553   725250.193
  6  GTR+F+R3      362444.258   35  724958.515   724958.559   725272.115
 14  GTR+F+ASC+R2  346700.961   33  693467.922   693467.961   693763.602
+R3 reinitialized from +R2 with factor 0.500
 15  GTR+F+ASC+R3  346700.983   35  693471.965   693472.009   693785.564
 23  SYM           366338.770   28  732733.541   732733.569   732984.420
 24  SYM+ASC       350110.310   28  700276.621   700276.649   700527.500
 26  SYM+ASC+G4    349890.585   29  699839.171   699839.201   700099.010
 36  SYM+ASC+R2    349822.602   30  699705.205   699705.237   699974.004
 37  SYM+ASC+R3    349820.736   32  699705.472   699705.509   699992.191
 45  TVM+F         362502.041   30  725064.083   725064.115   725332.882
 46  TVM+F+ASC     346842.534   30  693745.068   693745.100   694013.867
 48  TVM+F+ASC+G4  346895.987   31  693853.974   693854.009   694131.734
 58  TVM+F+ASC+R2  346738.576   32  693541.151   693541.188   693827.870
+R3 reinitialized from +R2 with factor 0.500
+R3 reinitialized from +R2 with factor 0.250
 59  TVM+F+ASC+R3  346738.407   34  693544.813   693544.854   693849.452
 67  TVMe          366447.995   27  732949.990   732950.016   733191.909
 68  TVMe+ASC      350615.190   27  701284.380   701284.406   701526.299
 70  TVMe+ASC+G4   350493.595   28  701043.191   701043.219   701294.070
 80  TVMe+ASC+R2   350397.741   29  700853.482   700853.512   701113.321
 81  TVMe+ASC+R3   350395.521   31  700853.041   700853.076   701130.801
 89  TIM3+F        362613.792   29  725285.583   725285.614   725545.423
 90  TIM3+F+ASC    347085.603   29  694229.205   694229.235   694489.044
 92  TIM3+F+ASC+G4 347066.584   30  694193.168   694193.200   694461.967
102  TIM3+F+ASC+R2 347090.382   31  694242.763   694242.798   694520.523
103  TIM3+F+ASC+R3 347014.693   33  694095.387   694095.426   694391.066
111  TIM3e         366344.425   26  732740.850   732740.875   732973.809
112  TIM3e+ASC     350237.602   26  700527.204   700527.228   700760.163
114  TIM3e+ASC+G4  350036.840   27  700127.679   700127.706   700369.599
124  TIM3e+ASC+R2  349965.627   28  699987.254   699987.283   700238.134
+R3 reinitialized from +R2 with factor 0.500
125  TIM3e+ASC+R3  349963.364   30  699986.727   699986.760   700255.527
133  TIM2+F        362523.617   29  725105.234   725105.264   725365.073
134  TIM2+F+ASC    346965.064   29  693988.128   693988.158   694247.967
136  TIM2+F+ASC+G4 347027.173   30  694114.346   694114.379   694383.146
146  TIM2+F+ASC+R2 346868.594   31  693799.188   693799.222   694076.947
147  TIM2+F+ASC+R3 346868.571   33  693803.142   693803.181   694098.821
155  TIM2e         366338.902   26  732729.804   732729.828   732962.763
156  TIM2e+ASC     350226.025   26  700504.051   700504.075   700737.010
158  TIM2e+ASC+G4  350037.860   27  700129.720   700129.746   700371.639
168  TIM2e+ASC+R2  349980.981   28  700017.963   700017.991   700268.842
169  TIM2e+ASC+R3  349979.336   30  700018.671   700018.704   700287.471
177  TIM+F         362585.117   29  725228.234   725228.264   725488.073
178  TIM+F+ASC     347106.981   29  694271.962   694271.992   694531.801
180  TIM+F+ASC+G4  347021.538   30  694103.076   694103.108   694371.875
190  TIM+F+ASC+R2  347011.978   31  694085.956   694085.990   694363.715
191  TIM+F+ASC+R3  347011.842   33  694089.683   694089.722   694385.362
199  TIMe          366343.895   26  732739.790   732739.815   732972.750
200  TIMe+ASC      350339.362   26  700730.723   700730.747   700963.682
202  TIMe+ASC+G4   350143.095   27  700340.189   700340.216   700582.109
212  TIMe+ASC+R2   350103.167   28  700262.335   700262.363   700513.214
213  TIMe+ASC+R3   350101.198   30  700262.396   700262.428   700531.195
221  TPM3u+F       362671.558   28  725399.115   725399.143   725649.994
222  TPM3u+F+ASC   347125.777   28  694307.554   694307.582   694558.433
224  TPM3u+F+ASC+G4 347033.981   29  694125.961   694125.991   694385.800
234  TPM3u+F+ASC+R2 347023.311   30  694106.622   694106.654   694375.421
235  TPM3u+F+ASC+R3 347023.201   32  694110.401   694110.438   694397.120
243  TPM3          366452.420   25  732954.839   732954.862   733178.839
244  TPM3+ASC      350733.761   25  701517.522   701517.545   701741.522
246  TPM3+ASC+G4   350570.829   26  701193.658   701193.682   701426.617
256  TPM3+ASC+R2   350537.854   27  701129.709   701129.735   701371.628
257  TPM3+ASC+R3   350536.099   29  701130.198   701130.229   701390.038
265  TPM2u+F       362581.437   28  725218.874   725218.902   725469.753
266  TPM2u+F+ASC   347008.927   28  694073.854   694073.882   694324.733
268  TPM2u+F+ASC+G4 346916.771   29  693891.541   693891.572   694151.381
278  TPM2u+F+ASC+R2 346905.853   30  693871.706   693871.739   694140.506
279  TPM2u+F+ASC+R3 346905.654   32  693875.309   693875.345   694162.028
287  TPM2          366448.018   25  732946.037   732946.059   733170.036
288  TPM2+ASC      350730.257   25  701510.515   701510.537   701734.514
290  TPM2+ASC+G4   350570.933   26  701193.865   701193.890   701426.825
300  TPM2+ASC+R2   350538.281   27  701130.561   701130.588   701372.481
301  TPM2+ASC+R3   350536.682   29  701131.365   701131.395   701391.204
309  K3Pu+F        362642.701   28  725341.402   725341.430   725592.281
310  K3Pu+F+ASC    347148.204   28  694352.407   694352.436   694603.287
312  K3Pu+F+ASC+G4 347057.767   29  694173.534   694173.565   694433.374
322  K3Pu+F+ASC+R2 347046.757   30  694153.514   694153.546   694422.313
323  K3Pu+F+ASC+R3 347046.711   32  694157.422   694157.459   694444.142
331  K3P           366452.095   25  732954.190   732954.213   733178.189
332  K3P+ASC       350835.446   25  701720.892   701720.914   701944.891
334  K3P+ASC+G4    350691.654   26  701435.309   701435.333   701668.268
344  K3P+ASC+R2    350662.915   27  701379.831   701379.857   701621.750
345  K3P+ASC+R3    350661.372   29  701380.743   701380.773   701640.582
353  TN+F          362676.540   28  725409.079   725409.107   725659.958
354  TN+F+ASC      347236.364   28  694528.727   694528.755   694779.606
356  TN+F+ASC+G4   347151.549   29  694361.098   694361.128   694620.937
366  TN+F+ASC+R2   347140.830   30  694341.659   694341.692   694610.459
367  TN+F+ASC+R3   347140.319   32  694344.638   694344.675   694631.357
375  TNe           366344.208   25  732738.417   732738.439   732962.416
376  TNe+ASC       350339.525   25  700729.050   700729.072   700953.049
378  TNe+ASC+G4    350142.839   26  700337.679   700337.703   700570.638
388  TNe+ASC+R2    350101.066   27  700256.132   700256.158   700498.051
389  TNe+ASC+R3    350098.551   29  700255.101   700255.131   700514.940
397  HKY+F         362738.109   27  725530.219   725530.245   725772.138
398  HKY+F+ASC     347280.422   27  694614.844   694614.870   694856.763
400  HKY+F+ASC+G4  347188.722   28  694433.445   694433.473   694684.324
410  HKY+F+ASC+R2  347176.382   29  694410.765   694410.795   694670.604
+R3 reinitialized from +R2 with factor 0.500
411  HKY+F+ASC+R3  347175.993   31  694413.986   694414.020   694691.745
419  K2P           366452.424   24  732952.849   732952.870   733167.888
420  K2P+ASC       350835.696   24  701719.391   701719.412   701934.431
422  K2P+ASC+G4    350691.656   25  701433.311   701433.334   701657.310
432  K2P+ASC+R2    350662.544   26  701377.088   701377.113   701610.048
433  K2P+ASC+R3    350662.344   28  701380.688   701380.716   701631.567
441  F81+F         391734.017   26  783520.034   783520.058   783752.993
442  F81+F+ASC     375467.389   26  750986.777   750986.801   751219.736
444  F81+F+ASC+G4  375434.071   27  750922.143   750922.169   751164.062
454  F81+F+ASC+R2  375429.328   28  750914.656   750914.684   751165.535
+R3 reinitialized from +R2 with factor 0.500
+R3 reinitialized from +R2 with factor 0.250
+R3 reinitialized from +R2 with factor 0.125
+R3 reinitialized from +R2 with factor 0.062
+R3 reinitialized from +R2 with factor 0.031
455  F81+F+ASC+R3  375429.803   30  750919.607   750919.639   751188.406
463  JC            392838.030   23  785722.059   785722.079   785928.139
464  JC+ASC        376283.136   23  752612.271   752612.291   752818.351
466  JC+ASC+G4     376239.784   24  752527.568   752527.589   752742.608
476  JC+ASC+R2     376232.179   25  752514.357   752514.380   752738.357
477  JC+ASC+R3     376232.242   27  752518.484   752518.510   752760.404
Akaike Information Criterion:           GTR+F+ASC+R2
Corrected Akaike Information Criterion: GTR+F+ASC+R2
Bayesian Information Criterion:         GTR+F+ASC+R2
Best-fit model: GTR+F+ASC+R2 chosen according to BIC

All model information printed to /nfs/turbo/umms-esnitkin/Project_MERLIN/Analysis/Household_transmission/MERLIN-prolonged-colonization-ms/data/cognac/kpneumoniae/MERLIN_kpneumoniae_index_cases.model.gz
CPU time for ModelFinder: 154.374 seconds (0h:2m:34s)
Wall-clock time for ModelFinder: 44.471 seconds (0h:0m:44s)
Generating 5000 samples for ultrafast bootstrap (seed: 678804)...

NOTE: 34 MB RAM (0 GB) is required!
Estimate model parameters (epsilon = 0.100)
1. Initial log-likelihood: -375517.159
2. Current log-likelihood: -346761.019
3. Current log-likelihood: -346728.039
4. Current log-likelihood: -346716.459
5. Current log-likelihood: -346709.309
6. Current log-likelihood: -346705.060
7. Current log-likelihood: -346702.601
8. Current log-likelihood: -346701.091
9. Current log-likelihood: -346700.403
10. Current log-likelihood: -346699.874
11. Current log-likelihood: -346699.504
12. Current log-likelihood: -346699.373
13. Current log-likelihood: -346699.272
Optimal log-likelihood: -346699.161
Rate parameters:  A-C: 1.08214  A-G: 6.05745  A-T: 1.28007  C-G: 0.69528  C-T: 5.49402  G-T: 1.00000
Base frequencies:  A: 0.161  C: 0.351  G: 0.280  T: 0.208
Site proportion and rates:  (0.846,0.089) (0.154,6.001)
Parameters optimization took 13 rounds (0.118 sec)
Wrote distance file to... 
Computing ML distances based on estimated model parameters...
Calculating distance matrix: done in 0.00024475 secs using 944.6% CPU
Computing ML distances took 0.000331 sec (of wall-clock time) 0.002403 sec (of CPU time)
Setting up auxiliary I and S matrices: done in 0.00025585 secs using 341.2% CPU
Computing RapidNJ tree took 0.002901 sec (of wall-clock time) 0.005639 sec (of CPU time)
Log-likelihood of RapidNJ tree: -353794.529
--------------------------------------------------------------------
|             INITIALIZING CANDIDATE TREE SET                      |
--------------------------------------------------------------------
Generating 98 parsimony trees... 3.276 second
Computing log-likelihood of 97 initial trees ... 0.141 seconds
Current best score: -346699.161

Do NNI search on 20 best initial trees
Estimate model parameters (epsilon = 0.100)
BETTER TREE FOUND at iteration 1: -346699.094
Estimate model parameters (epsilon = 0.100)
UPDATE BEST LOG-LIKELIHOOD: -346698.388
Iteration 10 / LogL: -346699.398 / Time: 0h:0m:49s
Estimate model parameters (epsilon = 0.100)
UPDATE BEST LOG-LIKELIHOOD: -346698.309
Iteration 20 / LogL: -346698.386 / Time: 0h:0m:50s
Finish initializing candidate tree set (4)
Current best tree score: -346698.309 / CPU time: 5.458
Number of iterations: 20
--------------------------------------------------------------------
|               OPTIMIZING CANDIDATE TREE SET                      |
--------------------------------------------------------------------
Iteration 30 / LogL: -346712.761 / Time: 0h:0m:51s (0h:0m:39s left)
Iteration 40 / LogL: -346702.074 / Time: 0h:0m:51s (0h:0m:29s left)
Iteration 50 / LogL: -346698.541 / Time: 0h:0m:52s (0h:0m:23s left)
Log-likelihood cutoff on original alignment: -347236.694
Iteration 60 / LogL: -346698.660 / Time: 0h:0m:52s (0h:0m:19s left)
Iteration 70 / LogL: -346797.072 / Time: 0h:0m:53s (0h:0m:16s left)
Iteration 80 / LogL: -346711.617 / Time: 0h:0m:53s (0h:0m:13s left)
Iteration 90 / LogL: -346698.372 / Time: 0h:0m:53s (0h:0m:11s left)
Iteration 100 / LogL: -346698.722 / Time: 0h:0m:54s (0h:0m:9s left)
Log-likelihood cutoff on original alignment: -347236.694
NOTE: Bootstrap correlation coefficient of split occurrence frequencies: 0.997
Iteration 110 / LogL: -346704.199 / Time: 0h:0m:54s (0h:0m:8s left)
Iteration 120 / LogL: -346703.819 / Time: 0h:0m:55s (0h:0m:7s left)
Iteration 130 / LogL: -346706.888 / Time: 0h:0m:55s (0h:0m:6s left)
Iteration 140 / LogL: -347133.961 / Time: 0h:0m:56s (0h:0m:5s left)
Iteration 150 / LogL: -347144.673 / Time: 0h:0m:56s (0h:0m:4s left)
Log-likelihood cutoff on original alignment: -347236.694
Iteration 160 / LogL: -346718.256 / Time: 0h:0m:57s (0h:0m:3s left)
Iteration 170 / LogL: -346698.312 / Time: 0h:0m:57s (0h:0m:2s left)
Iteration 180 / LogL: -346699.845 / Time: 0h:0m:58s (0h:0m:1s left)
Iteration 190 / LogL: -346698.837 / Time: 0h:0m:58s (0h:0m:0s left)
Iteration 200 / LogL: -346699.646 / Time: 0h:0m:58s (0h:0m:0s left)
Log-likelihood cutoff on original alignment: -347236.796
NOTE: Bootstrap correlation coefficient of split occurrence frequencies: 0.999
TREE SEARCH COMPLETED AFTER 202 ITERATIONS / Time: 0h:0m:59s

--------------------------------------------------------------------
|                    FINALIZING TREE SEARCH                        |
--------------------------------------------------------------------
Performs final model parameters optimization
Estimate model parameters (epsilon = 0.010)
1. Initial log-likelihood: -346698.309
2. Current log-likelihood: -346698.292
3. Current log-likelihood: -346698.281
4. Current log-likelihood: -346698.267
5. Current log-likelihood: -346698.256
6. Current log-likelihood: -346698.242
7. Current log-likelihood: -346698.230
8. Current log-likelihood: -346698.216
9. Current log-likelihood: -346698.205
10. Current log-likelihood: -346698.190
11. Current log-likelihood: -346698.174
12. Current log-likelihood: -346698.119
13. Current log-likelihood: -346698.094
14. Current log-likelihood: -346698.065
15. Current log-likelihood: -346698.047
16. Current log-likelihood: -346698.021
17. Current log-likelihood: -346698.005
18. Current log-likelihood: -346697.982
19. Current log-likelihood: -346697.969
20. Current log-likelihood: -346697.948
21. Current log-likelihood: -346697.935
22. Current log-likelihood: -346697.917
23. Current log-likelihood: -346697.900
24. Current log-likelihood: -346697.886
25. Current log-likelihood: -346697.862
26. Current log-likelihood: -346697.849
27. Current log-likelihood: -346697.838
28. Current log-likelihood: -346697.804
29. Current log-likelihood: -346697.791
30. Current log-likelihood: -346697.778
31. Current log-likelihood: -346697.764
32. Current log-likelihood: -346697.751
33. Current log-likelihood: -346697.739
34. Current log-likelihood: -346697.721
35. Current log-likelihood: -346697.710
36. Current log-likelihood: -346697.700
Optimal log-likelihood: -346697.690
Rate parameters:  A-C: 1.08844  A-G: 6.10000  A-T: 1.28959  C-G: 0.69991  C-T: 5.52954  G-T: 1.00000
Base frequencies:  A: 0.161  C: 0.351  G: 0.280  T: 0.208
Site proportion and rates:  (0.875,0.088) (0.125,7.375)
Parameters optimization took 36 rounds (0.207 sec)
BEST SCORE FOUND : -346697.690
Creating bootstrap support values...
Split supports printed to NEXUS file /nfs/turbo/umms-esnitkin/Project_MERLIN/Analysis/Household_transmission/MERLIN-prolonged-colonization-ms/data/cognac/kpneumoniae/MERLIN_kpneumoniae_index_cases.splits.nex
Total tree length: 0.190

Total number of iterations: 202
CPU time used for tree search: 60.555 sec (0h:1m:0s)
Wall-clock time used for tree search: 13.836 sec (0h:0m:13s)
Total CPU time used: 217.561 sec (0h:3m:37s)
Total wall-clock time used: 59.471 sec (0h:0m:59s)

Computing bootstrap consensus tree...
Reading input file /nfs/turbo/umms-esnitkin/Project_MERLIN/Analysis/Household_transmission/MERLIN-prolonged-colonization-ms/data/cognac/kpneumoniae/MERLIN_kpneumoniae_index_cases.splits.nex...
13 taxa and 34 splits.
Consensus tree written to /nfs/turbo/umms-esnitkin/Project_MERLIN/Analysis/Household_transmission/MERLIN-prolonged-colonization-ms/data/cognac/kpneumoniae/MERLIN_kpneumoniae_index_cases.contree
Reading input trees file /nfs/turbo/umms-esnitkin/Project_MERLIN/Analysis/Household_transmission/MERLIN-prolonged-colonization-ms/data/cognac/kpneumoniae/MERLIN_kpneumoniae_index_cases.contree
Log-likelihood of consensus tree: -351967.936

Analysis results written to: 
  IQ-TREE report:                /nfs/turbo/umms-esnitkin/Project_MERLIN/Analysis/Household_transmission/MERLIN-prolonged-colonization-ms/data/cognac/kpneumoniae/MERLIN_kpneumoniae_index_cases.iqtree
  Maximum-likelihood tree:       /nfs/turbo/umms-esnitkin/Project_MERLIN/Analysis/Household_transmission/MERLIN-prolonged-colonization-ms/data/cognac/kpneumoniae/MERLIN_kpneumoniae_index_cases.treefile
  Likelihood distances:          /nfs/turbo/umms-esnitkin/Project_MERLIN/Analysis/Household_transmission/MERLIN-prolonged-colonization-ms/data/cognac/kpneumoniae/MERLIN_kpneumoniae_index_cases.mldist

Ultrafast bootstrap approximation results written to:
  Split support values:          /nfs/turbo/umms-esnitkin/Project_MERLIN/Analysis/Household_transmission/MERLIN-prolonged-colonization-ms/data/cognac/kpneumoniae/MERLIN_kpneumoniae_index_cases.splits.nex
  Consensus tree:                /nfs/turbo/umms-esnitkin/Project_MERLIN/Analysis/Household_transmission/MERLIN-prolonged-colonization-ms/data/cognac/kpneumoniae/MERLIN_kpneumoniae_index_cases.contree
  Screen log file:               /nfs/turbo/umms-esnitkin/Project_MERLIN/Analysis/Household_transmission/MERLIN-prolonged-colonization-ms/data/cognac/kpneumoniae/MERLIN_kpneumoniae_index_cases.log

Date and Time: Thu Jul  2 15:10:29 2026
